17-01-2025 11:13:44.127 INFO  --- [com.kaiasia.app.AppApplication          ] - Starting AppApplication using Java 1.8.0_191 on DESKTOP-RJMUS47 with PID 6616 (D:\TT\Bank\account_api\target\classes started by Truong in D:\TT\Bank\account_api)
17-01-2025 11:13:44.136 DEBUG --- [com.kaiasia.app.AppApplication          ] - Running with Spring Boot v2.7.2, Spring v5.3.22
17-01-2025 11:13:44.138 INFO  --- [com.kaiasia.app.AppApplication          ] - No active profile set, falling back to 1 default profile: "default"
17-01-2025 11:13:48.605 DEBUG --- [com.kaiasia.app.register.ServiceRegister] - Found 2 classes with annotation SeabService
17-01-2025 11:13:50.045 INFO  --- [com.kaiasia.app.AppApplication          ] - Started AppApplication in 6.639 seconds (JVM running for 8.012)
17-01-2025 16:49:02.047 ERROR --- [com.kaiasia.app.core.job.ApiFetchReqTask] - EXCEPTION FETCH DB: {}
org.springframework.transaction.TransactionSystemException: Could not roll back JPA transaction; nested exception is org.hibernate.TransactionException: Unable to rollback against JDBC Connection
	at org.springframework.orm.jpa.JpaTransactionManager.doRollback(JpaTransactionManager.java:593)
	at org.springframework.transaction.support.AbstractPlatformTransactionManager.processRollback(AbstractPlatformTransactionManager.java:835)
	at org.springframework.transaction.support.AbstractPlatformTransactionManager.rollback(AbstractPlatformTransactionManager.java:809)
	at org.springframework.transaction.interceptor.TransactionAspectSupport.completeTransactionAfterThrowing(TransactionAspectSupport.java:672)
	at org.springframework.transaction.interceptor.TransactionAspectSupport.invokeWithinTransaction(TransactionAspectSupport.java:392)
	at org.springframework.transaction.interceptor.TransactionInterceptor.invoke(TransactionInterceptor.java:119)
	at org.springframework.aop.framework.ReflectiveMethodInvocation.proceed(ReflectiveMethodInvocation.java:186)
	at org.springframework.aop.framework.CglibAopProxy$CglibMethodInvocation.proceed(CglibAopProxy.java:763)
	at org.springframework.aop.framework.CglibAopProxy$DynamicAdvisedInterceptor.intercept(CglibAopProxy.java:708)
	at com.kaiasia.app.core.dao.APIDaoManager$$EnhancerBySpringCGLIB$$b652663a.fetchAPIReqs(<generated>)
	at com.kaiasia.app.core.job.ApiFetchReqTask.run(ApiFetchReqTask.java:40)
	at java.lang.Thread.run(Thread.java:748)
Caused by: org.hibernate.TransactionException: Unable to rollback against JDBC Connection
	at org.hibernate.resource.jdbc.internal.AbstractLogicalConnectionImplementor.rollback(AbstractLogicalConnectionImplementor.java:127)
	at org.hibernate.resource.transaction.backend.jdbc.internal.JdbcResourceLocalTransactionCoordinatorImpl$TransactionDriverControlImpl.rollback(JdbcResourceLocalTransactionCoordinatorImpl.java:304)
	at org.hibernate.engine.transaction.internal.TransactionImpl.rollback(TransactionImpl.java:142)
	at org.springframework.orm.jpa.JpaTransactionManager.doRollback(JpaTransactionManager.java:589)
	... 11 common frames omitted
Caused by: java.sql.SQLException: Connection is closed
	at com.zaxxer.hikari.pool.ProxyConnection$ClosedConnection.lambda$getClosedConnection$0(ProxyConnection.java:515)
	at com.sun.proxy.$Proxy85.rollback(Unknown Source)
	at com.zaxxer.hikari.pool.ProxyConnection.rollback(ProxyConnection.java:396)
	at com.zaxxer.hikari.pool.HikariProxyConnection.rollback(HikariProxyConnection.java)
	at org.hibernate.resource.jdbc.internal.AbstractLogicalConnectionImplementor.rollback(AbstractLogicalConnectionImplementor.java:121)
	... 14 common frames omitted
