10-02-2025 12:03:23.597 INFO  --- [com.kaiasia.app.AppApplication          ] - Starting AppApplication using Java 1.8.0_191 on DESKTOP-RJMUS47 with PID 13572 (D:\TT\Bank\account_api\target\classes started by Truong in D:\TT\Bank\account_api)
10-02-2025 12:03:23.608 DEBUG --- [com.kaiasia.app.AppApplication          ] - Running with Spring Boot v2.7.2, Spring v5.3.22
10-02-2025 12:03:23.609 INFO  --- [com.kaiasia.app.AppApplication          ] - No active profile set, falling back to 1 default profile: "default"
10-02-2025 12:03:30.909 DEBUG --- [com.kaiasia.app.register.ServiceRegister] - Found 2 classes with annotation SeabService
10-02-2025 12:03:33.052 INFO  --- [com.kaiasia.app.AppApplication          ] - Started AppApplication in 10.293 seconds (JVM running for 11.651)
10-02-2025 12:03:55.710 INFO  --- [com.kaiasia.app.core.MainRestController ] - MsgFromClient_Receive:ApiRequest(header=ApiHeader(reqType=REQUEST, api=ACCOUNT_API, apiKey=accountq51klfoni1ezxl5f2ckpfx248, channel=API, location=PC/IOS, requestAPI=FE API, requestNode=node 01, duration=null, priority=1, context=null, synasyn=false), body={command=GET_ENQUIRY, enquiry={authenType=getCURR_INFO, sessionId=281692_1739162454323_d4940f3b4be84f6095dbc2babf0fcec0, accountID=000002211234}, status=OK}, _reqId=null, _rejectCounter=null, _sendTime=null, _command=null, _authenType=null, _timeOut=null)
10-02-2025 12:03:55.723 DEBUG --- [com.kaiasia.app.register.ServiceRegister] - Execute method validate for AuthenType: VALIDATE_getCURR_INFO
10-02-2025 12:03:55.926 INFO  --- [com.kaiasia.app.core.ValidateImpl       ] - 000 OK
10-02-2025 12:03:55.927 INFO  --- [com.kaiasia.app.core.MainRestController ] - 1739163835926000_0000_f6b74423b71144cebb8b6afde758e7fa#[API-BEGIN]
10-02-2025 12:03:55.970 INFO  --- [com.kaiasia.app.core.dao.APIDaoManager  ] - InsertAPIReqs()1739163835926000_0000_f6b74423b71144cebb8b6afde758e7fa#BEGIN
10-02-2025 12:03:56.234 INFO  --- [com.kaiasia.app.core.dao.APIDaoManager  ] - InsertAPIReqs()1739163835926000_0000_f6b74423b71144cebb8b6afde758e7fa#END
10-02-2025 12:03:56.261 INFO  --- [com.kaiasia.app.core.ProcessService     ] - 1739163835926000_0000_f6b74423b71144cebb8b6afde758e7fa##pushApiReqToQueue#Duration:334
10-02-2025 12:03:57.781 INFO  --- [com.kaiasia.app.core.MainRestController ] - 1739163835926000_0000_f6b74423b71144cebb8b6afde758e7fa##END
10-02-2025 12:03:57.782 INFO  --- [com.kaiasia.app.core.MainRestController ] - 1739163835926000_0000_f6b74423b71144cebb8b6afde758e7fa#MsgFromClient_Response:ApiResponse(header=ApiHeader(reqType=RESPONSE, api=ACCOUNT_API, apiKey=accountq51klfoni1ezxl5f2ckpfx248, channel=API, location=PC/IOS, requestAPI=FE API, requestNode=node 01, duration=-673, priority=1, context=null, synasyn=false), body={status=FAILE}, error=ApiError(code=09, desc=MISSING FIELD#accountId))#Total time: 2072
10-02-2025 12:09:43.661 INFO  --- [com.kaiasia.app.AppApplication          ] - Starting AppApplication using Java 1.8.0_191 on DESKTOP-RJMUS47 with PID 9420 (D:\TT\Bank\account_api\target\classes started by Truong in D:\TT\Bank\account_api)
10-02-2025 12:09:43.664 DEBUG --- [com.kaiasia.app.AppApplication          ] - Running with Spring Boot v2.7.2, Spring v5.3.22
10-02-2025 12:09:43.665 INFO  --- [com.kaiasia.app.AppApplication          ] - No active profile set, falling back to 1 default profile: "default"
10-02-2025 12:09:48.191 DEBUG --- [com.kaiasia.app.register.ServiceRegister] - Found 2 classes with annotation SeabService
10-02-2025 12:09:50.343 INFO  --- [com.kaiasia.app.AppApplication          ] - Started AppApplication in 7.495 seconds (JVM running for 8.737)
10-02-2025 12:10:12.271 INFO  --- [com.kaiasia.app.core.MainRestController ] - MsgFromClient_Receive:ApiRequest(header=ApiHeader(reqType=REQUEST, api=ACCOUNT_API, apiKey=accountq51klfoni1ezxl5f2ckpfx248, channel=API, location=PC/IOS, requestAPI=FE API, requestNode=node 01, duration=null, priority=1, context=null, synasyn=false), body={command=GET_ENQUIRY, enquiry={authenType=getCURR_INFO, sessionId=281692_1739162454323_d4940f3b4be84f6095dbc2babf0fcec0, accountID=000002211234}, status=OK}, _reqId=null, _rejectCounter=null, _sendTime=null, _command=null, _authenType=null, _timeOut=null)
10-02-2025 12:10:12.288 DEBUG --- [com.kaiasia.app.register.ServiceRegister] - Execute method validate for AuthenType: VALIDATE_getCURR_INFO
10-02-2025 12:10:12.455 INFO  --- [com.kaiasia.app.core.ValidateImpl       ] - 000 OK
10-02-2025 12:10:12.455 INFO  --- [com.kaiasia.app.core.MainRestController ] - 1739164212455000_0000_6a06ab47d9194c70be5d49eb6af2485d#[API-BEGIN]
10-02-2025 12:10:12.525 INFO  --- [com.kaiasia.app.core.dao.APIDaoManager  ] - InsertAPIReqs()1739164212455000_0000_6a06ab47d9194c70be5d49eb6af2485d#BEGIN
10-02-2025 12:10:12.757 INFO  --- [com.kaiasia.app.core.dao.APIDaoManager  ] - InsertAPIReqs()1739164212455000_0000_6a06ab47d9194c70be5d49eb6af2485d#END
10-02-2025 12:10:12.792 INFO  --- [com.kaiasia.app.core.ProcessService     ] - 1739164212455000_0000_6a06ab47d9194c70be5d49eb6af2485d##pushApiReqToQueue#Duration:336
10-02-2025 12:10:13.870 INFO  --- [com.kaiasia.app.core.MainRestController ] - 1739164212455000_0000_6a06ab47d9194c70be5d49eb6af2485d##END
10-02-2025 12:10:13.871 INFO  --- [com.kaiasia.app.core.MainRestController ] - 1739164212455000_0000_6a06ab47d9194c70be5d49eb6af2485d#MsgFromClient_Response:ApiResponse(header=ApiHeader(reqType=RESPONSE, api=ACCOUNT_API, apiKey=accountq51klfoni1ezxl5f2ckpfx248, channel=API, location=PC/IOS, requestAPI=FE API, requestNode=node 01, duration=-1117, priority=1, context=null, synasyn=false), body={status=FAILE}, error=ApiError(code=801, desc=Session 281692_1739162454323_d4940f3b4be84f6095dbc2babf0fcec0 not exist))#Total time: 1600
