20-01-2025 14:21:26.129 INFO  --- [com.kaiasia.app.AppApplication          ] - Starting AppApplication using Java 1.8.0_191 on DESKTOP-RJMUS47 with PID 15980 (D:\TT\Bank\account_api\target\classes started by Truong in D:\TT\Bank\account_api)
20-01-2025 14:21:26.134 DEBUG --- [com.kaiasia.app.AppApplication          ] - Running with Spring Boot v2.7.2, Spring v5.3.22
20-01-2025 14:21:26.134 INFO  --- [com.kaiasia.app.AppApplication          ] - No active profile set, falling back to 1 default profile: "default"
20-01-2025 14:21:30.606 DEBUG --- [com.kaiasia.app.register.ServiceRegister] - Found 2 classes with annotation SeabService
20-01-2025 14:21:32.022 INFO  --- [com.kaiasia.app.AppApplication          ] - Started AppApplication in 6.5 seconds (JVM running for 7.556)
20-01-2025 14:21:54.377 INFO  --- [com.kaiasia.app.core.MainRestController ] - MsgFromClient_Receive:ApiRequest(header=ApiHeader(reqType=REQUEST, api=ACCOUNT_API, apiKey=accountq51klfoni1ezxl5f2ckpfx248, channel=API, location=PC/IOS, requestAPI=FE API, requestNode=node 01, duration=null, priority=1, context=null, synasyn=false), body={command=GET_ENQUIRY, enquiry={authenType=getAccList, sessionId=24541200-1e54-4652-a213-203aa8d1c025, customerID=281692, accountType=All}, status=OK}, _reqId=null, _rejectCounter=null, _sendTime=null, _command=null, _authenType=null, _timeOut=null)
20-01-2025 14:21:54.383 DEBUG --- [com.kaiasia.app.register.ServiceRegister] - Execute method validate for AuthenType: VALIDATE_getAccList
20-01-2025 14:21:54.452 INFO  --- [com.kaiasia.app.core.ValidateImpl       ] - 000 OK
20-01-2025 14:21:54.452 INFO  --- [com.kaiasia.app.core.MainRestController ] - 1737357714452000_0000_5348ec84e7574beba11c619f9cb142d5#[API-BEGIN]
20-01-2025 14:21:54.502 INFO  --- [com.kaiasia.app.core.dao.APIDaoManager  ] - InsertAPIReqs()1737357714452000_0000_5348ec84e7574beba11c619f9cb142d5#BEGIN
20-01-2025 14:21:54.736 INFO  --- [com.kaiasia.app.core.dao.APIDaoManager  ] - InsertAPIReqs()1737357714452000_0000_5348ec84e7574beba11c619f9cb142d5#END
20-01-2025 14:21:54.766 INFO  --- [com.kaiasia.app.core.ProcessService     ] - 1737357714452000_0000_5348ec84e7574beba11c619f9cb142d5##pushApiReqToQueue#Duration:314
20-01-2025 14:21:55.220 INFO  --- [com.kaiasia.app.core.ProcessThread      ] - checkTimeInQueue: 0
20-01-2025 14:21:55.220 DEBUG --- [com.kaiasia.app.core.ProcessImpl        ] - received msg: ApiRequest(header=ApiHeader(reqType=REQUEST, api=ACCOUNT_API, apiKey=accountq51klfoni1ezxl5f2ckpfx248, channel=API, location=PC/IOS, requestAPI=FE API, requestNode=node 01, duration=null, priority=1, context=null, synasyn=false), body={command=GET_ENQUIRY, enquiry={authenType=getAccList, sessionId=24541200-1e54-4652-a213-203aa8d1c025, customerID=281692, accountType=All}, status=OK}, _reqId=1737357714452000_0000_5348ec84e7574beba11c619f9cb142d5, _rejectCounter=null, _sendTime=null, _command=null, _authenType=null, _timeOut=null)
20-01-2025 14:21:55.220 DEBUG --- [com.kaiasia.app.register.ServiceRegister] - Execute method AuthenType: getAccList
20-01-2025 14:21:55.221 INFO  --- [ms.apiclient.client.common.ApiCallClient] - AccountList-24541200-1e54-4652-a213-203aa8d1c025-1737357715221#begin call api null
20-01-2025 14:21:55.237 ERROR --- [ms.apiclient.client.common.ApiCallClient] - {}#exception {}
java.lang.IllegalArgumentException: URI is not absolute
	at java.net.URI.toURL(URI.java:1088)
	at org.springframework.http.client.SimpleClientHttpRequestFactory.createRequest(SimpleClientHttpRequestFactory.java:145)
	at org.springframework.http.client.support.HttpAccessor.createRequest(HttpAccessor.java:124)
	at org.springframework.web.client.RestTemplate.doExecute(RestTemplate.java:772)
	at org.springframework.web.client.RestTemplate.execute(RestTemplate.java:711)
	at org.springframework.web.client.RestTemplate.postForObject(RestTemplate.java:437)
	at ms.apiclient.client.common.ApiRestTemplate.call(ApiRestTemplate.java:25)
	at ms.apiclient.client.common.ApiCallClient.call(ApiCallClient.java:36)
	at ms.apiclient.authen.AuthenClient.takeSession(AuthenClient.java:35)
	at com.kaiasia.app.service.account.service.AccountService.lambda$process$0(AccountService.java:68)
	at com.kaiasia.app.service.account.exception.ExceptionHandler.handle(ExceptionHandler.java:32)
	at com.kaiasia.app.service.account.service.AccountService.process(AccountService.java:59)
	at sun.reflect.NativeMethodAccessorImpl.invoke0(Native Method)
	at sun.reflect.NativeMethodAccessorImpl.invoke(NativeMethodAccessorImpl.java:62)
	at sun.reflect.DelegatingMethodAccessorImpl.invoke(DelegatingMethodAccessorImpl.java:43)
	at java.lang.reflect.Method.invoke(Method.java:498)
	at com.kaiasia.app.register.RequestProcessor.execute(RequestProcessor.java:27)
	at com.kaiasia.app.register.ServiceRegister.processAuthenType(ServiceRegister.java:112)
	at com.kaiasia.app.core.ProcessImpl.process(ProcessImpl.java:52)
	at com.kaiasia.app.core.ProcessThread.process(ProcessThread.java:81)
	at com.kaiasia.app.core.job.ApiResTask.execute(ApiResTask.java:25)
	at com.kaiasia.app.core.async.KaiTask.run(KaiTask.java:26)
	at java.util.concurrent.ThreadPoolExecutor.runWorker(ThreadPoolExecutor.java:1149)
	at java.util.concurrent.ThreadPoolExecutor$Worker.run(ThreadPoolExecutor.java:624)
	at java.lang.Thread.run(Thread.java:748)
20-01-2025 14:21:55.266 ERROR --- [com.kaiasia.app.service.account.service.AccountService] - AccountList-24541200-1e54-4652-a213-203aa8d1c025-1737357715221#After call Auth-1:ApiError(code=998, desc=Timeout)
20-01-2025 14:21:55.324 INFO  --- [com.kaiasia.app.core.ProcessThread      ] - 1737357714452000_0000_5348ec84e7574beba11c619f9cb142d5#saveResponse#Duration: 57
20-01-2025 14:21:55.505 INFO  --- [com.kaiasia.app.core.MainRestController ] - 1737357714452000_0000_5348ec84e7574beba11c619f9cb142d5##END
20-01-2025 14:21:55.505 INFO  --- [com.kaiasia.app.core.MainRestController ] - 1737357714452000_0000_5348ec84e7574beba11c619f9cb142d5#MsgFromClient_Response:ApiResponse(header=ApiHeader(reqType=RESPONSE, api=ACCOUNT_API, apiKey=accountq51klfoni1ezxl5f2ckpfx248, channel=API, location=PC/IOS, requestAPI=FE API, requestNode=node 01, duration=799, priority=1, context=null, synasyn=false), body={status=FAILE}, error=ApiError(code=998, desc=Timeout))#Total time: 1128
20-01-2025 14:23:38.629 INFO  --- [com.kaiasia.app.AppApplication          ] - Starting AppApplication using Java 1.8.0_191 on DESKTOP-RJMUS47 with PID 15100 (D:\TT\Bank\account_api\target\classes started by Truong in D:\TT\Bank\account_api)
20-01-2025 14:23:38.632 DEBUG --- [com.kaiasia.app.AppApplication          ] - Running with Spring Boot v2.7.2, Spring v5.3.22
20-01-2025 14:23:38.632 INFO  --- [com.kaiasia.app.AppApplication          ] - No active profile set, falling back to 1 default profile: "default"
20-01-2025 14:24:06.804 INFO  --- [com.kaiasia.app.AppApplication          ] - Starting AppApplication using Java 1.8.0_191 on DESKTOP-RJMUS47 with PID 19688 (D:\TT\Bank\account_api\target\classes started by Truong in D:\TT\Bank\account_api)
20-01-2025 14:24:06.806 DEBUG --- [com.kaiasia.app.AppApplication          ] - Running with Spring Boot v2.7.2, Spring v5.3.22
20-01-2025 14:24:06.807 INFO  --- [com.kaiasia.app.AppApplication          ] - No active profile set, falling back to 1 default profile: "default"
20-01-2025 14:24:10.460 DEBUG --- [com.kaiasia.app.register.ServiceRegister] - Found 2 classes with annotation SeabService
20-01-2025 14:24:11.579 INFO  --- [com.kaiasia.app.AppApplication          ] - Started AppApplication in 5.411 seconds (JVM running for 6.75)
20-01-2025 14:24:16.019 INFO  --- [com.kaiasia.app.core.MainRestController ] - MsgFromClient_Receive:ApiRequest(header=ApiHeader(reqType=REQUEST, api=ACCOUNT_API, apiKey=accountq51klfoni1ezxl5f2ckpfx248, channel=API, location=PC/IOS, requestAPI=FE API, requestNode=node 01, duration=null, priority=1, context=null, synasyn=false), body={command=GET_ENQUIRY, enquiry={authenType=getAccList, sessionId=24541200-1e54-4652-a213-203aa8d1c025, customerID=281692, accountType=All}, status=OK}, _reqId=null, _rejectCounter=null, _sendTime=null, _command=null, _authenType=null, _timeOut=null)
20-01-2025 14:24:16.024 DEBUG --- [com.kaiasia.app.register.ServiceRegister] - Execute method validate for AuthenType: VALIDATE_getAccList
20-01-2025 14:24:16.087 INFO  --- [com.kaiasia.app.core.ValidateImpl       ] - 000 OK
20-01-2025 14:24:16.087 INFO  --- [com.kaiasia.app.core.MainRestController ] - 1737357856087000_0000_026692962e804ba9896dbbcfacbfdb93#[API-BEGIN]
20-01-2025 14:24:16.102 INFO  --- [com.kaiasia.app.core.dao.APIDaoManager  ] - InsertAPIReqs()1737357856087000_0000_026692962e804ba9896dbbcfacbfdb93#BEGIN
20-01-2025 14:24:16.331 INFO  --- [com.kaiasia.app.core.dao.APIDaoManager  ] - InsertAPIReqs()1737357856087000_0000_026692962e804ba9896dbbcfacbfdb93#END
20-01-2025 14:24:16.358 INFO  --- [com.kaiasia.app.core.ProcessService     ] - 1737357856087000_0000_026692962e804ba9896dbbcfacbfdb93##pushApiReqToQueue#Duration:271
20-01-2025 14:24:17.167 INFO  --- [com.kaiasia.app.core.ProcessThread      ] - checkTimeInQueue: 0
20-01-2025 14:24:17.167 DEBUG --- [com.kaiasia.app.core.ProcessImpl        ] - received msg: ApiRequest(header=ApiHeader(reqType=REQUEST, api=ACCOUNT_API, apiKey=accountq51klfoni1ezxl5f2ckpfx248, channel=API, location=PC/IOS, requestAPI=FE API, requestNode=node 01, duration=null, priority=1, context=null, synasyn=false), body={command=GET_ENQUIRY, enquiry={authenType=getAccList, sessionId=24541200-1e54-4652-a213-203aa8d1c025, customerID=281692, accountType=All}, status=OK}, _reqId=1737357856087000_0000_026692962e804ba9896dbbcfacbfdb93, _rejectCounter=null, _sendTime=null, _command=null, _authenType=null, _timeOut=null)
20-01-2025 14:24:17.168 DEBUG --- [com.kaiasia.app.register.ServiceRegister] - Execute method AuthenType: getAccList
20-01-2025 14:24:17.169 INFO  --- [ms.apiclient.client.common.ApiCallClient] - AccountList-24541200-1e54-4652-a213-203aa8d1c025-1737357857168#begin call api AUTH_API
20-01-2025 14:24:17.694 INFO  --- [ms.apiclient.client.common.ApiCallClient] - AccountList-24541200-1e54-4652-a213-203aa8d1c025-1737357857168#end call api AUTH_API
20-01-2025 14:24:18.515 INFO  --- [ms.apiclient.client.common.ApiCallClient] - AccountList-24541200-1e54-4652-a213-203aa8d1c025-1737357857168#begin call api T24_UTIL_API
20-01-2025 14:24:19.181 INFO  --- [ms.apiclient.client.common.ApiCallClient] - AccountList-24541200-1e54-4652-a213-203aa8d1c025-1737357857168#end call api T24_UTIL_API
20-01-2025 14:24:19.184 WARN  --- [com.kaiasia.app.service.account.service.AccountService] - [ms.apiclient.account.Account@1c363948]
20-01-2025 14:24:19.184 ERROR --- [com.kaiasia.app.service.account.service.AccountService] - Error while caching account list: ms.apiclient.model.ApiResponse cannot be cast to java.lang.String
20-01-2025 14:24:19.246 INFO  --- [com.kaiasia.app.core.ProcessThread      ] - 1737357856087000_0000_026692962e804ba9896dbbcfacbfdb93#saveResponse#Duration: 62
20-01-2025 14:24:19.414 INFO  --- [com.kaiasia.app.core.MainRestController ] - 1737357856087000_0000_026692962e804ba9896dbbcfacbfdb93##END
20-01-2025 14:24:19.415 INFO  --- [com.kaiasia.app.core.MainRestController ] - 1737357856087000_0000_026692962e804ba9896dbbcfacbfdb93#MsgFromClient_Response:ApiResponse(header=ApiHeader(reqType=RESPONSE, api=ACCOUNT_API, apiKey=accountq51klfoni1ezxl5f2ckpfx248, channel=API, location=PC/IOS, requestAPI=FE API, requestNode=node 01, duration=3083, priority=1, context=null, synasyn=false), body={enquiry={accounts=[{altAccount=000002211234, accountType=CURRENT, shortTitle=TKTT Vu Van Phai, availBal=200021022, accountStatus=ACTIVE, accountID=000002211234, customerType=Vip, productCode=800, customerID=281692, currency=VND, company=VN100001, shortName=Vu Van Phai, category=1011}], status=OK}, status=OK}, error=null)#Total time: 3396
20-01-2025 14:26:30.912 INFO  --- [com.kaiasia.app.core.MainRestController ] - MsgFromClient_Receive:ApiRequest(header=ApiHeader(reqType=REQUEST, api=ACCOUNT_API, apiKey=accountq51klfoni1ezxl5f2ckpfx248, channel=API, location=PC/IOS, requestAPI=FE API, requestNode=node 01, duration=null, priority=1, context=null, synasyn=false), body={command=GET_ENQUIRY, enquiry={authenType=getCURR_INFO, sessionId=24541200-1e54-4652-a213-203aa8d1c025, customerID=281692}, status=OK}, _reqId=null, _rejectCounter=null, _sendTime=null, _command=null, _authenType=null, _timeOut=null)
20-01-2025 14:26:30.913 DEBUG --- [com.kaiasia.app.register.ServiceRegister] - Execute method validate for AuthenType: VALIDATE_getCURR_INFO
20-01-2025 14:26:30.924 INFO  --- [com.kaiasia.app.core.ValidateImpl       ] - 804 Request lacks valid information: Validation failed: accountID: Account ID is required
20-01-2025 14:28:29.502 INFO  --- [com.kaiasia.app.core.MainRestController ] - MsgFromClient_Receive:ApiRequest(header=ApiHeader(reqType=REQUEST, api=ACCOUNT_API, apiKey=accountq51klfoni1ezxl5f2ckpfx248, channel=API, location=PC/IOS, requestAPI=FE API, requestNode=node 01, duration=null, priority=1, context=null, synasyn=false), body={command=GET_ENQUIRY, enquiry={authenType=getCURR_INFO, sessionId=24541200-1e54-4652-a213-203aa8d1c025, accountID=281692}, status=OK}, _reqId=null, _rejectCounter=null, _sendTime=null, _command=null, _authenType=null, _timeOut=null)
20-01-2025 14:28:29.502 DEBUG --- [com.kaiasia.app.register.ServiceRegister] - Execute method validate for AuthenType: VALIDATE_getCURR_INFO
20-01-2025 14:28:29.502 INFO  --- [com.kaiasia.app.core.ValidateImpl       ] - 000 OK
20-01-2025 14:28:29.502 INFO  --- [com.kaiasia.app.core.MainRestController ] - 1737358109502000_0000_3dfb9bfea89e40d5a0d1ba4f3a027317#[API-BEGIN]
20-01-2025 14:28:29.531 INFO  --- [com.kaiasia.app.core.dao.APIDaoManager  ] - InsertAPIReqs()1737358109502000_0000_3dfb9bfea89e40d5a0d1ba4f3a027317#BEGIN
20-01-2025 14:28:29.768 INFO  --- [com.kaiasia.app.core.dao.APIDaoManager  ] - InsertAPIReqs()1737358109502000_0000_3dfb9bfea89e40d5a0d1ba4f3a027317#END
20-01-2025 14:28:29.794 INFO  --- [com.kaiasia.app.core.ProcessService     ] - 1737358109502000_0000_3dfb9bfea89e40d5a0d1ba4f3a027317##pushApiReqToQueue#Duration:292
20-01-2025 14:28:30.396 INFO  --- [com.kaiasia.app.core.ProcessThread      ] - checkTimeInQueue: 0
20-01-2025 14:28:30.396 DEBUG --- [com.kaiasia.app.core.ProcessImpl        ] - received msg: ApiRequest(header=ApiHeader(reqType=REQUEST, api=ACCOUNT_API, apiKey=accountq51klfoni1ezxl5f2ckpfx248, channel=API, location=PC/IOS, requestAPI=FE API, requestNode=node 01, duration=null, priority=1, context=null, synasyn=false), body={command=GET_ENQUIRY, enquiry={authenType=getCURR_INFO, sessionId=24541200-1e54-4652-a213-203aa8d1c025, accountID=281692}, status=OK}, _reqId=1737358109502000_0000_3dfb9bfea89e40d5a0d1ba4f3a027317, _rejectCounter=null, _sendTime=null, _command=null, _authenType=null, _timeOut=null)
20-01-2025 14:28:30.397 DEBUG --- [com.kaiasia.app.register.ServiceRegister] - Execute method AuthenType: getCURR_INFO
20-01-2025 14:28:30.397 INFO  --- [ms.apiclient.client.common.ApiCallClient] - AccountInfo-24541200-1e54-4652-a213-203aa8d1c025-1737358110397#begin call api AUTH_API
20-01-2025 14:28:30.907 INFO  --- [ms.apiclient.client.common.ApiCallClient] - AccountInfo-24541200-1e54-4652-a213-203aa8d1c025-1737358110397#end call api AUTH_API
20-01-2025 14:28:30.935 INFO  --- [ms.apiclient.client.common.ApiCallClient] - AccountInfo-24541200-1e54-4652-a213-203aa8d1c025-1737358110397#begin call api T24_UTIL_API
20-01-2025 14:28:31.405 INFO  --- [ms.apiclient.client.common.ApiCallClient] - AccountInfo-24541200-1e54-4652-a213-203aa8d1c025-1737358110397#end call api T24_UTIL_API
20-01-2025 14:28:31.408 WARN  --- [com.kaiasia.app.service.account.service.AccountInfoService] - null
20-01-2025 14:28:31.409 ERROR --- [com.kaiasia.app.service.account.service.AccountInfoService] - Error calling T24 API for AccountInfo 281692 (session 24541200-1e54-4652-a213-203aa8d1c025): ApiError(code=06, desc=Account Not Found#281692)
20-01-2025 14:28:31.462 INFO  --- [com.kaiasia.app.core.ProcessThread      ] - 1737358109502000_0000_3dfb9bfea89e40d5a0d1ba4f3a027317#saveResponse#Duration: 53
20-01-2025 14:28:31.487 INFO  --- [com.kaiasia.app.core.MainRestController ] - 1737358109502000_0000_3dfb9bfea89e40d5a0d1ba4f3a027317##END
20-01-2025 14:28:31.487 INFO  --- [com.kaiasia.app.core.MainRestController ] - 1737358109502000_0000_3dfb9bfea89e40d5a0d1ba4f3a027317#MsgFromClient_Response:ApiResponse(header=ApiHeader(reqType=RESPONSE, api=ACCOUNT_API, apiKey=accountq51klfoni1ezxl5f2ckpfx248, channel=API, location=PC/IOS, requestAPI=FE API, requestNode=node 01, duration=1907, priority=1, context=null, synasyn=false), body={status=FAILE}, error=ApiError(code=06, desc=Account Not Found#281692))#Total time: 1985
20-01-2025 14:28:53.093 INFO  --- [com.kaiasia.app.core.MainRestController ] - MsgFromClient_Receive:ApiRequest(header=ApiHeader(reqType=REQUEST, api=ACCOUNT_API, apiKey=accountq51klfoni1ezxl5f2ckpfx248, channel=API, location=PC/IOS, requestAPI=FE API, requestNode=node 01, duration=null, priority=1, context=null, synasyn=false), body={command=GET_ENQUIRY, enquiry={authenType=getCURR_INFO, sessionId=24541200-1e54-4652-a213-203aa8d1c025, accountID=000002211234}, status=OK}, _reqId=null, _rejectCounter=null, _sendTime=null, _command=null, _authenType=null, _timeOut=null)
20-01-2025 14:28:53.094 DEBUG --- [com.kaiasia.app.register.ServiceRegister] - Execute method validate for AuthenType: VALIDATE_getCURR_INFO
20-01-2025 14:28:53.094 INFO  --- [com.kaiasia.app.core.ValidateImpl       ] - 000 OK
20-01-2025 14:28:53.094 INFO  --- [com.kaiasia.app.core.MainRestController ] - 1737358133094000_0000_b0109d03c94c4aa697ae00ea8d0a7a3a#[API-BEGIN]
20-01-2025 14:28:53.116 INFO  --- [com.kaiasia.app.core.dao.APIDaoManager  ] - InsertAPIReqs()1737358133094000_0000_b0109d03c94c4aa697ae00ea8d0a7a3a#BEGIN
20-01-2025 14:28:53.340 INFO  --- [com.kaiasia.app.core.dao.APIDaoManager  ] - InsertAPIReqs()1737358133094000_0000_b0109d03c94c4aa697ae00ea8d0a7a3a#END
20-01-2025 14:28:53.364 INFO  --- [com.kaiasia.app.core.ProcessService     ] - 1737358133094000_0000_b0109d03c94c4aa697ae00ea8d0a7a3a##pushApiReqToQueue#Duration:270
20-01-2025 14:28:53.888 INFO  --- [com.kaiasia.app.core.ProcessThread      ] - checkTimeInQueue: 0
20-01-2025 14:28:53.889 DEBUG --- [com.kaiasia.app.core.ProcessImpl        ] - received msg: ApiRequest(header=ApiHeader(reqType=REQUEST, api=ACCOUNT_API, apiKey=accountq51klfoni1ezxl5f2ckpfx248, channel=API, location=PC/IOS, requestAPI=FE API, requestNode=node 01, duration=null, priority=1, context=null, synasyn=false), body={command=GET_ENQUIRY, enquiry={authenType=getCURR_INFO, sessionId=24541200-1e54-4652-a213-203aa8d1c025, accountID=000002211234}, status=OK}, _reqId=1737358133094000_0000_b0109d03c94c4aa697ae00ea8d0a7a3a, _rejectCounter=null, _sendTime=null, _command=null, _authenType=null, _timeOut=null)
20-01-2025 14:28:53.889 DEBUG --- [com.kaiasia.app.register.ServiceRegister] - Execute method AuthenType: getCURR_INFO
20-01-2025 14:28:53.889 INFO  --- [ms.apiclient.client.common.ApiCallClient] - AccountInfo-24541200-1e54-4652-a213-203aa8d1c025-1737358133889#begin call api AUTH_API
20-01-2025 14:28:54.322 INFO  --- [ms.apiclient.client.common.ApiCallClient] - AccountInfo-24541200-1e54-4652-a213-203aa8d1c025-1737358133889#end call api AUTH_API
20-01-2025 14:28:54.349 INFO  --- [ms.apiclient.client.common.ApiCallClient] - AccountInfo-24541200-1e54-4652-a213-203aa8d1c025-1737358133889#begin call api T24_UTIL_API
20-01-2025 14:28:54.980 INFO  --- [ms.apiclient.client.common.ApiCallClient] - AccountInfo-24541200-1e54-4652-a213-203aa8d1c025-1737358133889#end call api T24_UTIL_API
20-01-2025 14:28:54.980 WARN  --- [com.kaiasia.app.service.account.service.AccountInfoService] - null
20-01-2025 14:28:54.980 ERROR --- [com.kaiasia.app.service.account.service.AccountInfoService] - Error calling T24 API for AccountInfo 000002211234 (session 24541200-1e54-4652-a213-203aa8d1c025): ApiError(code=06, desc=Account Not Found#281692)
20-01-2025 14:28:55.032 INFO  --- [com.kaiasia.app.core.MainRestController ] - 1737358133094000_0000_b0109d03c94c4aa697ae00ea8d0a7a3a##END
20-01-2025 14:28:55.033 INFO  --- [com.kaiasia.app.core.MainRestController ] - 1737358133094000_0000_b0109d03c94c4aa697ae00ea8d0a7a3a#MsgFromClient_Response:ApiResponse(header=ApiHeader(reqType=RESPONSE, api=ACCOUNT_API, apiKey=accountq51klfoni1ezxl5f2ckpfx248, channel=API, location=PC/IOS, requestAPI=FE API, requestNode=node 01, duration=1886, priority=1, context=null, synasyn=false), body={status=FAILE}, error=ApiError(code=06, desc=Account Not Found#281692))#Total time: 1940
20-01-2025 14:28:55.039 INFO  --- [com.kaiasia.app.core.ProcessThread      ] - 1737358133094000_0000_b0109d03c94c4aa697ae00ea8d0a7a3a#saveResponse#Duration: 59
20-01-2025 14:29:29.557 INFO  --- [com.kaiasia.app.core.MainRestController ] - MsgFromClient_Receive:ApiRequest(header=ApiHeader(reqType=REQUEST, api=ACCOUNT_API, apiKey=accountq51klfoni1ezxl5f2ckpfx248, channel=API, location=PC/IOS, requestAPI=FE API, requestNode=node 01, duration=null, priority=1, context=null, synasyn=false), body={command=GET_ENQUIRY, enquiry={authenType=getCURR_INFO, sessionId=24541200-1e54-4652-a213-203aa8d1c025, accountID=000002211234}, status=OK}, _reqId=null, _rejectCounter=null, _sendTime=null, _command=null, _authenType=null, _timeOut=null)
20-01-2025 14:29:29.557 DEBUG --- [com.kaiasia.app.register.ServiceRegister] - Execute method validate for AuthenType: VALIDATE_getCURR_INFO
20-01-2025 14:29:29.557 INFO  --- [com.kaiasia.app.core.ValidateImpl       ] - 000 OK
20-01-2025 14:29:29.557 INFO  --- [com.kaiasia.app.core.MainRestController ] - 1737358169557000_0000_1f7a10b7aa8b444f9fdd443f6070db8d#[API-BEGIN]
20-01-2025 14:29:29.585 INFO  --- [com.kaiasia.app.core.dao.APIDaoManager  ] - InsertAPIReqs()1737358169557000_0000_1f7a10b7aa8b444f9fdd443f6070db8d#BEGIN
20-01-2025 14:29:29.814 INFO  --- [com.kaiasia.app.core.dao.APIDaoManager  ] - InsertAPIReqs()1737358169557000_0000_1f7a10b7aa8b444f9fdd443f6070db8d#END
20-01-2025 14:29:29.838 INFO  --- [com.kaiasia.app.core.ProcessService     ] - 1737358169557000_0000_1f7a10b7aa8b444f9fdd443f6070db8d##pushApiReqToQueue#Duration:281
20-01-2025 14:29:30.546 INFO  --- [com.kaiasia.app.core.ProcessThread      ] - checkTimeInQueue: 0
20-01-2025 14:29:30.547 DEBUG --- [com.kaiasia.app.core.ProcessImpl        ] - received msg: ApiRequest(header=ApiHeader(reqType=REQUEST, api=ACCOUNT_API, apiKey=accountq51klfoni1ezxl5f2ckpfx248, channel=API, location=PC/IOS, requestAPI=FE API, requestNode=node 01, duration=null, priority=1, context=null, synasyn=false), body={command=GET_ENQUIRY, enquiry={authenType=getCURR_INFO, sessionId=24541200-1e54-4652-a213-203aa8d1c025, accountID=000002211234}, status=OK}, _reqId=1737358169557000_0000_1f7a10b7aa8b444f9fdd443f6070db8d, _rejectCounter=null, _sendTime=null, _command=null, _authenType=null, _timeOut=null)
20-01-2025 14:29:30.547 DEBUG --- [com.kaiasia.app.register.ServiceRegister] - Execute method AuthenType: getCURR_INFO
20-01-2025 14:29:30.547 INFO  --- [ms.apiclient.client.common.ApiCallClient] - AccountInfo-24541200-1e54-4652-a213-203aa8d1c025-1737358170547#begin call api AUTH_API
20-01-2025 14:29:31.385 INFO  --- [ms.apiclient.client.common.ApiCallClient] - AccountInfo-24541200-1e54-4652-a213-203aa8d1c025-1737358170547#end call api AUTH_API
20-01-2025 14:29:31.412 INFO  --- [ms.apiclient.client.common.ApiCallClient] - AccountInfo-24541200-1e54-4652-a213-203aa8d1c025-1737358170547#begin call api T24_UTIL_API
20-01-2025 14:29:31.849 INFO  --- [ms.apiclient.client.common.ApiCallClient] - AccountInfo-24541200-1e54-4652-a213-203aa8d1c025-1737358170547#end call api T24_UTIL_API
20-01-2025 14:29:31.849 WARN  --- [com.kaiasia.app.service.account.service.AccountInfoService] - null
20-01-2025 14:29:31.849 ERROR --- [com.kaiasia.app.service.account.service.AccountInfoService] - Error calling T24 API for AccountInfo 000002211234 (session 24541200-1e54-4652-a213-203aa8d1c025): ApiError(code=06, desc=Account Not Found#281692)
20-01-2025 14:29:31.898 INFO  --- [com.kaiasia.app.core.ProcessThread      ] - 1737358169557000_0000_1f7a10b7aa8b444f9fdd443f6070db8d#saveResponse#Duration: 49
20-01-2025 14:29:31.961 INFO  --- [com.kaiasia.app.core.MainRestController ] - 1737358169557000_0000_1f7a10b7aa8b444f9fdd443f6070db8d##END
20-01-2025 14:29:31.961 INFO  --- [com.kaiasia.app.core.MainRestController ] - 1737358169557000_0000_1f7a10b7aa8b444f9fdd443f6070db8d#MsgFromClient_Response:ApiResponse(header=ApiHeader(reqType=RESPONSE, api=ACCOUNT_API, apiKey=accountq51klfoni1ezxl5f2ckpfx248, channel=API, location=PC/IOS, requestAPI=FE API, requestNode=node 01, duration=2292, priority=1, context=null, synasyn=false), body={status=FAILE}, error=ApiError(code=06, desc=Account Not Found#281692))#Total time: 2404
20-01-2025 14:31:52.758 INFO  --- [com.kaiasia.app.AppApplication          ] - Starting AppApplication using Java 1.8.0_191 on DESKTOP-RJMUS47 with PID 8848 (D:\TT\Bank\account_api\target\classes started by Truong in D:\TT\Bank\account_api)
20-01-2025 14:31:52.759 DEBUG --- [com.kaiasia.app.AppApplication          ] - Running with Spring Boot v2.7.2, Spring v5.3.22
20-01-2025 14:31:52.760 INFO  --- [com.kaiasia.app.AppApplication          ] - No active profile set, falling back to 1 default profile: "default"
20-01-2025 14:31:55.982 DEBUG --- [com.kaiasia.app.register.ServiceRegister] - Found 2 classes with annotation SeabService
20-01-2025 14:31:56.752 INFO  --- [com.kaiasia.app.AppApplication          ] - Started AppApplication in 4.482 seconds (JVM running for 5.355)
20-01-2025 14:32:17.308 INFO  --- [com.kaiasia.app.AppApplication          ] - Starting AppApplication using Java 1.8.0_191 on DESKTOP-RJMUS47 with PID 16672 (D:\TT\Bank\account_api\target\classes started by Truong in D:\TT\Bank\account_api)
20-01-2025 14:32:17.310 DEBUG --- [com.kaiasia.app.AppApplication          ] - Running with Spring Boot v2.7.2, Spring v5.3.22
20-01-2025 14:32:17.310 INFO  --- [com.kaiasia.app.AppApplication          ] - No active profile set, falling back to 1 default profile: "default"
20-01-2025 14:32:20.441 DEBUG --- [com.kaiasia.app.register.ServiceRegister] - Found 2 classes with annotation SeabService
20-01-2025 14:32:21.458 INFO  --- [com.kaiasia.app.AppApplication          ] - Started AppApplication in 4.611 seconds (JVM running for 5.431)
20-01-2025 14:32:25.384 INFO  --- [com.kaiasia.app.core.MainRestController ] - MsgFromClient_Receive:ApiRequest(header=ApiHeader(reqType=REQUEST, api=ACCOUNT_API, apiKey=accountq51klfoni1ezxl5f2ckpfx248, channel=API, location=PC/IOS, requestAPI=FE API, requestNode=node 01, duration=null, priority=1, context=null, synasyn=false), body={command=GET_ENQUIRY, enquiry={authenType=getAccList, sessionId=24541200-1e54-4652-a213-203aa8d1c025, customerID=281692, accountType=All}, status=OK}, _reqId=null, _rejectCounter=null, _sendTime=null, _command=null, _authenType=null, _timeOut=null)
20-01-2025 14:32:25.390 DEBUG --- [com.kaiasia.app.register.ServiceRegister] - Execute method validate for AuthenType: VALIDATE_getAccList
20-01-2025 14:32:25.453 INFO  --- [com.kaiasia.app.core.ValidateImpl       ] - 000 OK
20-01-2025 14:32:25.453 INFO  --- [com.kaiasia.app.core.MainRestController ] - 1737358345453000_0000_4883ceb4ed644698aeeb19aea487b73b#[API-BEGIN]
20-01-2025 14:32:25.468 INFO  --- [com.kaiasia.app.core.dao.APIDaoManager  ] - InsertAPIReqs()1737358345453000_0000_4883ceb4ed644698aeeb19aea487b73b#BEGIN
20-01-2025 14:32:25.701 INFO  --- [com.kaiasia.app.core.dao.APIDaoManager  ] - InsertAPIReqs()1737358345453000_0000_4883ceb4ed644698aeeb19aea487b73b#END
20-01-2025 14:32:25.725 INFO  --- [com.kaiasia.app.core.ProcessService     ] - 1737358345453000_0000_4883ceb4ed644698aeeb19aea487b73b##pushApiReqToQueue#Duration:272
20-01-2025 14:32:26.113 INFO  --- [com.kaiasia.app.core.ProcessThread      ] - checkTimeInQueue: 0
20-01-2025 14:32:26.113 DEBUG --- [com.kaiasia.app.core.ProcessImpl        ] - received msg: ApiRequest(header=ApiHeader(reqType=REQUEST, api=ACCOUNT_API, apiKey=accountq51klfoni1ezxl5f2ckpfx248, channel=API, location=PC/IOS, requestAPI=FE API, requestNode=node 01, duration=null, priority=1, context=null, synasyn=false), body={command=GET_ENQUIRY, enquiry={authenType=getAccList, sessionId=24541200-1e54-4652-a213-203aa8d1c025, customerID=281692, accountType=All}, status=OK}, _reqId=1737358345453000_0000_4883ceb4ed644698aeeb19aea487b73b, _rejectCounter=null, _sendTime=null, _command=null, _authenType=null, _timeOut=null)
20-01-2025 14:32:26.113 DEBUG --- [com.kaiasia.app.register.ServiceRegister] - Execute method AuthenType: getAccList
20-01-2025 14:32:26.115 INFO  --- [ms.apiclient.client.common.ApiCallClient] - AccountList-24541200-1e54-4652-a213-203aa8d1c025-1737358346114#begin call api AUTH_API
20-01-2025 14:32:26.422 INFO  --- [ms.apiclient.client.common.ApiCallClient] - AccountList-24541200-1e54-4652-a213-203aa8d1c025-1737358346114#end call api AUTH_API
20-01-2025 14:32:27.186 INFO  --- [ms.apiclient.client.common.ApiCallClient] - AccountList-24541200-1e54-4652-a213-203aa8d1c025-1737358346114#begin call api T24_UTIL_API
20-01-2025 14:32:27.865 INFO  --- [ms.apiclient.client.common.ApiCallClient] - AccountList-24541200-1e54-4652-a213-203aa8d1c025-1737358346114#end call api T24_UTIL_API
20-01-2025 14:32:27.868 WARN  --- [com.kaiasia.app.service.account.service.AccountService] - [ms.apiclient.account.Account@4d6d3476]
20-01-2025 14:32:27.868 ERROR --- [com.kaiasia.app.service.account.service.AccountService] - Error while caching account list: ms.apiclient.model.ApiResponse cannot be cast to java.lang.String
20-01-2025 14:32:27.928 INFO  --- [com.kaiasia.app.core.ProcessThread      ] - 1737358345453000_0000_4883ceb4ed644698aeeb19aea487b73b#saveResponse#Duration: 60
20-01-2025 14:32:28.137 INFO  --- [com.kaiasia.app.core.MainRestController ] - 1737358345453000_0000_4883ceb4ed644698aeeb19aea487b73b##END
20-01-2025 14:32:28.138 INFO  --- [com.kaiasia.app.core.MainRestController ] - 1737358345453000_0000_4883ceb4ed644698aeeb19aea487b73b#MsgFromClient_Response:ApiResponse(header=ApiHeader(reqType=RESPONSE, api=ACCOUNT_API, apiKey=accountq51klfoni1ezxl5f2ckpfx248, channel=API, location=PC/IOS, requestAPI=FE API, requestNode=node 01, duration=2402, priority=1, context=null, synasyn=false), body={enquiry={accounts=[{altAccount=000002211234, accountType=CURRENT, shortTitle=TKTT Vu Van Phai, availBal=200021022, accountStatus=ACTIVE, accountID=000002211234, customerType=Vip, productCode=800, customerID=281692, currency=VND, company=VN100001, shortName=Vu Van Phai, category=1011}], status=OK}, status=OK}, error=null)#Total time: 2754
